// Jest Snapshot v1, https://goo.gl/fbAQLP

exports[`factory 
    should not change innerHTML when only attributes have changed in the wrapper tag
    (input's value should remain the same)
   1`] = `
"<div id=\\"root\\">
        <input id=\\"color\\" style=\\"color: red;\\">
        <button onclick=\\"dispatch({
            type: 'CHANGE_COLOR',
            color: document.querySelector('#color').value
          })\\">
          Apply color
        </button>
      </div>"
`;

exports[`factory should deal with a compound component 1`] = `
"<div id=\\"root\\">
        
        <h1 id=\\"title\\" style=\\"color: red;\\">TITLE</h1>
        <p id=\\"something\\">something</p>
      
      </div>"
`;
