// Jest Snapshot v1, https://goo.gl/fbAQLP

exports[`purity counter app should deal with nested components 1`] = `"<div id=\\"root\\"><h1>COUNTER</h1><span id=\\"count\\"></span><button id=\\"button\\">Increment</button></div>"`;

exports[`purity should bind an event 1`] = `"<button id=\\"root\\" data-purity_flag=\\"\\">Click me</button>"`;

exports[`purity should bind multiple events 1`] = `"<input type=\\"text\\" id=\\"root\\" data-purity_flag=\\"\\">"`;

exports[`purity should handle conditional rendering & process arrays 1`] = `"<div id=\\"root\\"><ul></ul></div>"`;

exports[`purity should handle conditional rendering & process arrays 2`] = `"<div id=\\"root\\"><ul><li>🍎</li><li>🍌</li><li>🍰</li></ul></div>"`;
